Gradient one_minus_C_e_p pre-cluster contours (electron)
  source raw minima: Output\GradientPhaseSpaceScan\electron\Data\CEP\scan\local_minima.csv
  local minima loaded: 577
  contours generated: 577
  contours reused after validation: 0
  directions per minimum: 1536
  local-minimum contour settings: read from each minimum-owned contour file
  contour generation time: 7869.493 s
  per-minimum contour data: Output\GradientPhaseSpaceScan\electron\Data\CEP\contour\local_minima
  contour index: Output\GradientPhaseSpaceScan\electron\Data\CEP\contour\local_minimum_contour_index.csv
  ownership key: local_minimum_id from the raw local_minima.csv

Gradient one_minus_C_e_p pre-cluster contours (muon)
  source raw minima: Output\GradientPhaseSpaceScan\muon\Data\CEP\scan\local_minima.csv
  local minima loaded: 1443
  contours generated: 1443
  contours reused after validation: 0
  directions per minimum: 1536
  local-minimum contour settings: read from each minimum-owned contour file
  contour generation time: 25875.732 s
  per-minimum contour data: Output\GradientPhaseSpaceScan\muon\Data\CEP\contour\local_minima
  contour index: Output\GradientPhaseSpaceScan\muon\Data\CEP\contour\local_minimum_contour_index.csv
  ownership key: local_minimum_id from the raw local_minima.csv
