W: selected 1255 minima at absolute D < 0.01
GHZ: selected 950 minima at absolute D < 0.01
CEP: selected 1675 minima at absolute D < 0.01
CEGAMMA: selected 1640 minima at absolute D < 0.01
CPGAMMA: selected 2019 minima at absolute D < 0.01
resume audit: 1/7539 compatible checkpoints; requested 7539; processing 7538 with 24 workers
[1/7538] W minimum 2: status=ok, initial=100.0%, attempts=512, task=4.4 min, ETA=558.82 h
[2/7538] W minimum 5: status=ok, initial=100.0%, attempts=512, task=4.8 min, ETA=303.75 h
[3/7538] W minimum 20: status=ok, initial=100.0%, attempts=512, task=5.0 min, ETA=209.04 h
[4/7538] W minimum 12: status=ok, initial=100.0%, attempts=512, task=5.0 min, ETA=158.41 h
[5/7538] W minimum 19: status=ok, initial=100.0%, attempts=512, task=5.1 min, ETA=127.09 h
[6/7538] W minimum 1: status=ok, initial=100.0%, attempts=512, task=5.1 min, ETA=106.33 h
[7/7538] W minimum 10: status=ok, initial=100.0%, attempts=512, task=5.1 min, ETA=91.75 h
[8/7538] W minimum 6: status=ok, initial=100.0%, attempts=512, task=5.1 min, ETA=80.34 h
[9/7538] W minimum 21: status=ok, initial=100.0%, attempts=512, task=5.1 min, ETA=71.54 h
[10/7538] W minimum 15: status=ok, initial=100.0%, attempts=512, task=5.2 min, ETA=65.16 h
[11/7538] W minimum 7: status=ok, initial=100.0%, attempts=512, task=5.2 min, ETA=59.26 h
[12/7538] W minimum 11: status=ok, initial=100.0%, attempts=512, task=5.3 min, ETA=55.05 h
[13/7538] W minimum 9: status=ok, initial=100.0%, attempts=512, task=5.3 min, ETA=50.84 h
[14/7538] W minimum 8: status=ok, initial=100.0%, attempts=512, task=5.3 min, ETA=47.83 h
[15/7538] W minimum 18: status=ok, initial=100.0%, attempts=512, task=5.3 min, ETA=44.66 h
[16/7538] W minimum 13: status=ok, initial=100.0%, attempts=512, task=5.4 min, ETA=42.38 h
[17/7538] W minimum 14: status=ok, initial=100.0%, attempts=512, task=5.4 min, ETA=40.03 h
[18/7538] W minimum 4: status=ok, initial=100.0%, attempts=512, task=5.4 min, ETA=37.99 h
[19/7538] W minimum 3: status=ok, initial=100.0%, attempts=512, task=5.5 min, ETA=36.50 h
[20/7538] W minimum 24: status=ok, initial=100.0%, attempts=512, task=5.6 min, ETA=34.93 h
[21/7538] W minimum 17: status=ok, initial=100.0%, attempts=512, task=5.6 min, ETA=33.35 h
[22/7538] W minimum 23: status=ok, initial=100.0%, attempts=512, task=5.6 min, ETA=31.94 h
[23/7538] W minimum 22: status=ok, initial=100.0%, attempts=512, task=5.6 min, ETA=30.66 h
[24/7538] W minimum 16: status=ok, initial=100.0%, attempts=512, task=5.9 min, ETA=30.70 h
[25/7538] W minimum 25: status=ok, initial=100.0%, attempts=512, task=5.0 min, ETA=47.48 h
[26/7538] W minimum 31: status=ok, initial=100.0%, attempts=512, task=4.8 min, ETA=47.54 h
[27/7538] W minimum 32: status=ok, initial=100.0%, attempts=512, task=4.8 min, ETA=45.88 h
[28/7538] W minimum 34: status=ok, initial=100.0%, attempts=512, task=4.7 min, ETA=44.39 h
[29/7538] W minimum 29: status=ok, initial=100.0%, attempts=512, task=5.0 min, ETA=43.35 h
[30/7538] W minimum 27: status=ok, initial=100.0%, attempts=512, task=5.2 min, ETA=42.33 h
[31/7538] W minimum 26: status=ok, initial=100.0%, attempts=512, task=5.4 min, ETA=41.33 h
[32/7538] W minimum 39: status=ok, initial=100.0%, attempts=512, task=5.0 min, ETA=40.40 h
[33/7538] W minimum 33: status=ok, initial=100.0%, attempts=512, task=5.3 min, ETA=39.59 h
[34/7538] W minimum 35: status=ok, initial=100.0%, attempts=512, task=5.3 min, ETA=38.68 h
[35/7538] W minimum 44: status=ok, initial=100.0%, attempts=512, task=5.1 min, ETA=37.99 h
[36/7538] W minimum 41: status=ok, initial=100.0%, attempts=512, task=5.3 min, ETA=37.09 h
[37/7538] W minimum 38: status=ok, initial=100.0%, attempts=512, task=5.4 min, ETA=36.30 h
[38/7538] W minimum 40: status=ok, initial=100.0%, attempts=512, task=5.4 min, ETA=35.42 h
[39/7538] W minimum 37: status=ok, initial=100.0%, attempts=512, task=5.5 min, ETA=34.61 h
[40/7538] W minimum 36: status=ok, initial=100.0%, attempts=512, task=5.6 min, ETA=33.88 h
[41/7538] W minimum 42: status=ok, initial=100.0%, attempts=512, task=5.4 min, ETA=33.20 h
[42/7538] W minimum 30: status=ok, initial=100.0%, attempts=512, task=5.8 min, ETA=32.46 h
[43/7538] W minimum 47: status=ok, initial=100.0%, attempts=512, task=5.3 min, ETA=31.71 h
[44/7538] W minimum 45: status=ok, initial=100.0%, attempts=512, task=5.4 min, ETA=31.30 h
[45/7538] W minimum 28: status=ok, initial=100.0%, attempts=512, task=6.0 min, ETA=30.61 h
[46/7538] W minimum 43: status=ok, initial=100.0%, attempts=512, task=5.6 min, ETA=30.13 h
[47/7538] W minimum 48: status=ok, initial=100.0%, attempts=512, task=5.4 min, ETA=29.87 h
[48/7538] W minimum 46: status=ok, initial=100.0%, attempts=512, task=5.7 min, ETA=29.37 h
[49/7538] W minimum 50: status=ok, initial=100.0%, attempts=512, task=4.9 min, ETA=37.68 h
[50/7538] W minimum 51: status=ok, initial=100.0%, attempts=512, task=5.2 min, ETA=37.59 h
[51/7538] W minimum 55: status=ok, initial=100.0%, attempts=512, task=4.8 min, ETA=36.91 h
[52/7538] W minimum 49: status=ok, initial=100.0%, attempts=512, task=5.8 min, ETA=36.57 h
[53/7538] W minimum 56: status=ok, initial=100.0%, attempts=512, task=5.1 min, ETA=36.34 h
[54/7538] W minimum 63: status=ok, initial=100.0%, attempts=512, task=4.7 min, ETA=35.80 h
[55/7538] W minimum 53: status=ok, initial=100.0%, attempts=512, task=5.5 min, ETA=35.14 h
[56/7538] W minimum 52: status=ok, initial=100.0%, attempts=512, task=5.6 min, ETA=34.53 h
[57/7538] W minimum 57: status=ok, initial=100.0%, attempts=512, task=5.1 min, ETA=34.04 h
[58/7538] W minimum 67: status=ok, initial=100.0%, attempts=512, task=4.7 min, ETA=33.56 h
[59/7538] W minimum 62: status=ok, initial=100.0%, attempts=512, task=5.0 min, ETA=33.26 h
[60/7538] W minimum 54: status=ok, initial=100.0%, attempts=512, task=5.7 min, ETA=32.83 h
[61/7538] W minimum 59: status=ok, initial=100.0%, attempts=512, task=5.4 min, ETA=32.69 h
[62/7538] W minimum 58: status=ok, initial=100.0%, attempts=512, task=5.5 min, ETA=32.18 h
[63/7538] W minimum 60: status=ok, initial=100.0%, attempts=512, task=5.4 min, ETA=31.77 h
[64/7538] W minimum 71: status=ok, initial=100.0%, attempts=512, task=4.8 min, ETA=31.29 h
[65/7538] W minimum 69: status=ok, initial=100.0%, attempts=512, task=5.1 min, ETA=30.89 h
[66/7538] W minimum 68: status=ok, initial=100.0%, attempts=512, task=5.1 min, ETA=30.42 h
[67/7538] W minimum 64: status=ok, initial=100.0%, attempts=512, task=5.4 min, ETA=30.17 h
[68/7538] W minimum 70: status=ok, initial=100.0%, attempts=512, task=5.1 min, ETA=29.72 h
[69/7538] W minimum 66: status=ok, initial=100.0%, attempts=512, task=5.4 min, ETA=29.37 h
[70/7538] W minimum 72: status=ok, initial=100.0%, attempts=512, task=5.1 min, ETA=29.15 h
[71/7538] W minimum 61: status=ok, initial=100.0%, attempts=512, task=5.7 min, ETA=28.79 h
[72/7538] W minimum 65: status=ok, initial=100.0%, attempts=512, task=5.5 min, ETA=28.40 h
[73/7538] W minimum 73: status=ok, initial=100.0%, attempts=512, task=5.2 min, ETA=34.11 h
[74/7538] W minimum 75: status=ok, initial=100.0%, attempts=512, task=5.2 min, ETA=34.10 h
[75/7538] W minimum 76: status=ok, initial=100.0%, attempts=512, task=5.1 min, ETA=33.68 h
[76/7538] W minimum 77: status=ok, initial=100.0%, attempts=512, task=4.9 min, ETA=33.36 h
[77/7538] W minimum 74: status=ok, initial=100.0%, attempts=512, task=5.4 min, ETA=33.00 h
[78/7538] W minimum 80: status=ok, initial=100.0%, attempts=512, task=5.2 min, ETA=33.04 h
[79/7538] W minimum 82: status=ok, initial=100.0%, attempts=512, task=5.1 min, ETA=32.65 h
[80/7538] W minimum 92: status=ok, initial=100.0%, attempts=512, task=4.5 min, ETA=32.29 h
[81/7538] W minimum 84: status=ok, initial=100.0%, attempts=512, task=5.0 min, ETA=31.96 h
[82/7538] W minimum 78: status=ok, initial=100.0%, attempts=512, task=5.4 min, ETA=31.65 h
[83/7538] W minimum 83: status=ok, initial=100.0%, attempts=512, task=5.3 min, ETA=31.53 h
[84/7538] W minimum 81: status=ok, initial=100.0%, attempts=512, task=5.5 min, ETA=31.18 h
[85/7538] W minimum 85: status=ok, initial=100.0%, attempts=512, task=5.1 min, ETA=30.86 h
[86/7538] W minimum 79: status=ok, initial=100.0%, attempts=512, task=5.8 min, ETA=30.71 h
[87/7538] W minimum 86: status=ok, initial=100.0%, attempts=512, task=5.3 min, ETA=30.36 h
[88/7538] W minimum 93: status=ok, initial=100.0%, attempts=512, task=5.0 min, ETA=30.01 h
[89/7538] W minimum 90: status=ok, initial=100.0%, attempts=512, task=5.3 min, ETA=29.92 h
[90/7538] W minimum 89: status=ok, initial=100.0%, attempts=512, task=5.3 min, ETA=29.59 h
[91/7538] W minimum 91: status=ok, initial=100.0%, attempts=512, task=5.3 min, ETA=29.32 h
[92/7538] W minimum 87: status=ok, initial=100.0%, attempts=512, task=5.5 min, ETA=29.09 h
[93/7538] W minimum 88: status=ok, initial=100.0%, attempts=512, task=5.5 min, ETA=28.82 h
[94/7538] W minimum 96: status=ok, initial=100.0%, attempts=512, task=5.2 min, ETA=28.61 h
[95/7538] W minimum 95: status=ok, initial=100.0%, attempts=512, task=5.5 min, ETA=28.58 h
[96/7538] W minimum 94: status=ok, initial=100.0%, attempts=512, task=5.7 min, ETA=28.51 h
[97/7538] W minimum 98: status=ok, initial=100.0%, attempts=512, task=4.9 min, ETA=32.24 h
[98/7538] W minimum 97: status=ok, initial=100.0%, attempts=512, task=5.3 min, ETA=32.04 h
[99/7538] W minimum 99: status=ok, initial=100.0%, attempts=512, task=5.4 min, ETA=32.20 h
[100/7538] W minimum 102: status=ok, initial=100.0%, attempts=512, task=5.0 min, ETA=31.89 h
[101/7538] W minimum 100: status=ok, initial=100.0%, attempts=512, task=5.4 min, ETA=31.64 h
[102/7538] W minimum 104: status=ok, initial=100.0%, attempts=512, task=5.2 min, ETA=31.51 h
[103/7538] W minimum 101: status=ok, initial=100.0%, attempts=512, task=5.6 min, ETA=31.31 h
[104/7538] W minimum 103: status=ok, initial=100.0%, attempts=512, task=5.4 min, ETA=31.10 h
[105/7538] W minimum 105: status=ok, initial=100.0%, attempts=512, task=5.3 min, ETA=30.81 h
[106/7538] W minimum 114: status=ok, initial=100.0%, attempts=512, task=4.8 min, ETA=30.64 h
[107/7538] W minimum 106: status=ok, initial=100.0%, attempts=512, task=5.4 min, ETA=30.39 h
[108/7538] W minimum 119: status=ok, initial=100.0%, attempts=512, task=4.5 min, ETA=30.21 h
[109/7538] W minimum 109: status=ok, initial=100.0%, attempts=512, task=5.3 min, ETA=30.00 h
[110/7538] W minimum 107: status=ok, initial=100.0%, attempts=512, task=5.4 min, ETA=29.74 h
[111/7538] W minimum 117: status=ok, initial=100.0%, attempts=512, task=4.9 min, ETA=29.55 h
[112/7538] W minimum 115: status=ok, initial=100.0%, attempts=512, task=5.0 min, ETA=29.30 h
[113/7538] W minimum 108: status=ok, initial=100.0%, attempts=512, task=5.5 min, ETA=29.10 h
[114/7538] W minimum 113: status=ok, initial=100.0%, attempts=512, task=5.4 min, ETA=29.14 h
[115/7538] W minimum 112: status=ok, initial=100.0%, attempts=512, task=5.6 min, ETA=28.91 h
[116/7538] W minimum 118: status=ok, initial=100.0%, attempts=512, task=5.3 min, ETA=28.76 h
[117/7538] W minimum 111: status=ok, initial=100.0%, attempts=512, task=5.7 min, ETA=28.53 h
[118/7538] W minimum 116: status=ok, initial=100.0%, attempts=512, task=5.5 min, ETA=28.35 h
[119/7538] W minimum 110: status=ok, initial=100.0%, attempts=512, task=5.9 min, ETA=28.18 h
[120/7538] W minimum 120: status=ok, initial=100.0%, attempts=512, task=5.3 min, ETA=28.19 h
[121/7538] W minimum 121: status=ok, initial=100.0%, attempts=512, task=5.4 min, ETA=31.32 h
[122/7538] W minimum 125: status=ok, initial=100.0%, attempts=512, task=5.0 min, ETA=31.21 h
[123/7538] W minimum 122: status=ok, initial=100.0%, attempts=512, task=5.5 min, ETA=30.99 h
[124/7538] W minimum 129: status=ok, initial=100.0%, attempts=512, task=4.9 min, ETA=30.89 h
[125/7538] W minimum 136: status=ok, initial=100.0%, attempts=512, task=4.5 min, ETA=30.69 h
[126/7538] W minimum 123: status=ok, initial=100.0%, attempts=512, task=5.4 min, ETA=30.49 h
[127/7538] W minimum 134: status=ok, initial=100.0%, attempts=512, task=4.8 min, ETA=30.40 h
[128/7538] W minimum 124: status=ok, initial=100.0%, attempts=512, task=5.6 min, ETA=30.21 h
[129/7538] W minimum 126: status=ok, initial=100.0%, attempts=512, task=5.4 min, ETA=29.98 h
[130/7538] W minimum 128: status=ok, initial=100.0%, attempts=512, task=5.5 min, ETA=29.98 h
[131/7538] W minimum 127: status=ok, initial=100.0%, attempts=512, task=5.6 min, ETA=29.84 h
[132/7538] W minimum 135: status=ok, initial=100.0%, attempts=512, task=5.2 min, ETA=29.62 h
[133/7538] W minimum 131: status=ok, initial=100.0%, attempts=512, task=5.6 min, ETA=29.56 h
[134/7538] W minimum 133: status=ok, initial=100.0%, attempts=512, task=5.4 min, ETA=29.33 h
[135/7538] W minimum 132: status=ok, initial=100.0%, attempts=512, task=5.5 min, ETA=29.12 h
[136/7538] W minimum 137: status=ok, initial=100.0%, attempts=512, task=5.3 min, ETA=28.91 h
[137/7538] W minimum 130: status=ok, initial=100.0%, attempts=512, task=5.7 min, ETA=28.71 h
[138/7538] W minimum 138: status=ok, initial=100.0%, attempts=512, task=5.3 min, ETA=28.77 h
[139/7538] W minimum 140: status=ok, initial=100.0%, attempts=512, task=5.3 min, ETA=28.58 h
[140/7538] W minimum 142: status=ok, initial=100.0%, attempts=512, task=5.3 min, ETA=28.53 h
[141/7538] W minimum 139: status=ok, initial=100.0%, attempts=512, task=5.6 min, ETA=28.36 h
[142/7538] W minimum 143: status=ok, initial=100.0%, attempts=512, task=5.3 min, ETA=28.18 h
[143/7538] W minimum 141: status=ok, initial=100.0%, attempts=512, task=5.6 min, ETA=28.07 h
[144/7538] W minimum 144: status=ok, initial=100.0%, attempts=512, task=5.6 min, ETA=28.21 h
[145/7538] W minimum 145: status=ok, initial=100.0%, attempts=512, task=6.1 min, ETA=31.23 h
[146/7538] W minimum 150: status=ok, initial=100.0%, attempts=512, task=5.8 min, ETA=31.11 h
[147/7538] W minimum 148: status=ok, initial=100.0%, attempts=512, task=6.0 min, ETA=31.02 h
[148/7538] W minimum 147: status=ok, initial=100.0%, attempts=512, task=6.4 min, ETA=30.99 h
[149/7538] W minimum 146: status=ok, initial=100.0%, attempts=512, task=6.5 min, ETA=30.82 h
[150/7538] W minimum 149: status=ok, initial=100.0%, attempts=512, task=6.4 min, ETA=30.71 h
[151/7538] W minimum 152: status=ok, initial=100.0%, attempts=512, task=6.1 min, ETA=30.53 h
[152/7538] W minimum 153: status=ok, initial=100.0%, attempts=512, task=6.2 min, ETA=30.38 h
[153/7538] W minimum 151: status=ok, initial=100.0%, attempts=512, task=6.4 min, ETA=30.29 h
[154/7538] W minimum 155: status=ok, initial=100.0%, attempts=512, task=6.2 min, ETA=30.26 h
[155/7538] W minimum 156: status=ok, initial=100.0%, attempts=512, task=6.3 min, ETA=30.11 h
[156/7538] W minimum 157: status=ok, initial=100.0%, attempts=512, task=6.2 min, ETA=30.01 h
[157/7538] W minimum 154: status=ok, initial=100.0%, attempts=512, task=6.5 min, ETA=29.82 h
[158/7538] W minimum 159: status=ok, initial=100.0%, attempts=512, task=6.3 min, ETA=29.68 h
[159/7538] W minimum 161: status=ok, initial=100.0%, attempts=512, task=6.3 min, ETA=29.52 h
[160/7538] W minimum 160: status=ok, initial=100.0%, attempts=512, task=6.3 min, ETA=29.36 h
[161/7538] W minimum 158: status=ok, initial=100.0%, attempts=512, task=6.4 min, ETA=29.24 h
[162/7538] W minimum 163: status=ok, initial=100.0%, attempts=512, task=6.2 min, ETA=29.16 h
[163/7538] W minimum 165: status=ok, initial=100.0%, attempts=512, task=6.1 min, ETA=29.05 h
[164/7538] W minimum 162: status=ok, initial=100.0%, attempts=512, task=6.4 min, ETA=28.94 h
[165/7538] W minimum 164: status=ok, initial=100.0%, attempts=512, task=6.3 min, ETA=28.83 h
[166/7538] W minimum 166: status=ok, initial=100.0%, attempts=512, task=6.3 min, ETA=28.67 h
[167/7538] W minimum 167: status=ok, initial=100.0%, attempts=512, task=6.3 min, ETA=28.62 h
[168/7538] W minimum 168: status=ok, initial=100.0%, attempts=512, task=6.3 min, ETA=28.69 h
